2026-08-07 18:24:24,531 INFO start build_enhancement.py/1.0  limit=None
2026-08-07 18:24:24,534 INFO self-check PASS (drift_ts=1.428s, enh_max=0.997)
2026-08-07 18:24:24,959 INFO loaded 114 trials
2026-08-07 18:24:24,996 INFO pooled de-jump Q(head) = 2.863 px
2026-08-07 18:24:25,180 INFO trial 0: n=284230 W=10000 drift_ts=0.03s mad_quiet=0.02439 near_peaks=0 tmpl_wins=0
2026-08-07 18:24:25,335 INFO trial 1: n=245860 W=10000 drift_ts=0.18s mad_quiet=0.01749 near_peaks=0 tmpl_wins=0
2026-08-07 18:24:25,353 INFO trial 2: n=23726 W=10000 drift_ts=0.76s mad_quiet=0.09496 near_peaks=0 tmpl_wins=0
2026-08-07 18:24:25,700 INFO trial 3: n=405721 W=10000 drift_ts=0.19s mad_quiet=0.002875 near_peaks=0 tmpl_wins=0
2026-08-07 18:24:25,816 INFO trial 4: n=153418 W=10000 drift_ts=1.84s mad_quiet=0.02597 near_peaks=0 tmpl_wins=0
2026-08-07 18:24:25,899 INFO trial 5: n=106226 W=10000 drift_ts=0.79s mad_quiet=0.03635 near_peaks=0 tmpl_wins=0
2026-08-07 18:24:26,025 INFO trial 6: n=156143 W=10000 drift_ts=0.12s mad_quiet=0.009527 near_peaks=0 tmpl_wins=0
2026-08-07 18:24:26,171 INFO trial 7: n=173309 W=10000 drift_ts=2.07s mad_quiet=0.05605 near_peaks=0 tmpl_wins=0
2026-08-07 18:24:26,245 INFO trial 8: n=92924 W=10000 drift_ts=0.96s mad_quiet=0.03857 near_peaks=0 tmpl_wins=0
2026-08-07 18:24:26,394 INFO trial 9: n=295035 W=10000 drift_ts=3.53s mad_quiet=0.03956 near_peaks=0 tmpl_wins=0
2026-08-07 18:24:26,403 INFO trial 10: n=19866 W=10000 drift_ts=0.26s mad_quiet=0.01839 near_peaks=0 tmpl_wins=0
2026-08-07 18:24:26,613 INFO trial 11: n=246083 W=10000 drift_ts=0.32s mad_quiet=0.0117 near_peaks=0 tmpl_wins=0
2026-08-07 18:24:26,763 INFO trial 12: n=188036 W=10000 drift_ts=0.89s mad_quiet=0.02484 near_peaks=0 tmpl_wins=0
2026-08-07 18:24:26,843 INFO trial 13: n=101351 W=10000 drift_ts=0.23s mad_quiet=0.01095 near_peaks=0 tmpl_wins=0
2026-08-07 18:24:26,855 INFO trial 14: n=24225 W=10000 drift_ts=0.14s mad_quiet=0.009691 near_peaks=0 tmpl_wins=0
2026-08-07 18:24:26,872 INFO trial 15: n=30172 W=10000 drift_ts=0.86s mad_quiet=0.02685 near_peaks=0 tmpl_wins=0
2026-08-07 18:24:26,894 INFO trial 16: n=42147 W=10000 drift_ts=2.73s mad_quiet=0.04175 near_peaks=0 tmpl_wins=0
2026-08-07 18:24:26,969 INFO trial 17: n=95415 W=10000 drift_ts=1.03s mad_quiet=0.02797 near_peaks=0 tmpl_wins=0
2026-08-07 18:24:27,012 INFO trial 18: n=54772 W=10000 drift_ts=0.20s mad_quiet=0.009232 near_peaks=1 tmpl_wins=0
2026-08-07 18:24:27,066 INFO trial 19: n=66698 W=10000 drift_ts=0.69s mad_quiet=0.01773 near_peaks=0 tmpl_wins=0
2026-08-07 18:24:27,199 INFO trial 20: n=164954 W=10000 drift_ts=3.93s mad_quiet=0.01428 near_peaks=0 tmpl_wins=0
2026-08-07 18:24:27,209 INFO trial 21: n=22042 W=10000 drift_ts=0.52s mad_quiet=0.02212 near_peaks=0 tmpl_wins=0
2026-08-07 18:24:27,264 INFO trial 22: n=74059 W=10000 drift_ts=0.59s mad_quiet=0.02921 near_peaks=0 tmpl_wins=0
2026-08-07 18:24:27,385 INFO trial 23: n=149532 W=10000 drift_ts=0.03s mad_quiet=0.002367 near_peaks=0 tmpl_wins=0
2026-08-07 18:24:27,392 INFO trial 24: n=13201 W=10000 drift_ts=0.86s mad_quiet=0.01953 near_peaks=0 tmpl_wins=0
2026-08-07 18:24:27,397 INFO trial 25: n=8187 W=8187 drift_ts=0.32s mad_quiet=0.009344 near_peaks=0 tmpl_wins=0
2026-08-07 18:24:27,402 INFO trial 26: n=12450 W=10000 drift_ts=0.08s mad_quiet=0.01206 near_peaks=0 tmpl_wins=0
2026-08-07 18:24:27,494 INFO trial 27: n=178562 W=10000 drift_ts=9.79s mad_quiet=0.02162 near_peaks=1 tmpl_wins=0
2026-08-07 18:24:27,510 INFO trial 28: n=22069 W=10000 drift_ts=0.13s mad_quiet=0.01155 near_peaks=0 tmpl_wins=0
2026-08-07 18:24:27,541 INFO trial 29: n=61530 W=10000 drift_ts=0.29s mad_quiet=0.01107 near_peaks=0 tmpl_wins=0
2026-08-07 18:24:27,741 INFO trial 30: n=237641 W=10000 drift_ts=5.21s mad_quiet=0.01233 near_peaks=0 tmpl_wins=0
2026-08-07 18:24:27,774 INFO trial 31: n=65191 W=10000 drift_ts=0.04s mad_quiet=0.0005775 near_peaks=2 tmpl_wins=1
2026-08-07 18:24:27,896 INFO trial 32: n=149610 W=10000 drift_ts=0.57s mad_quiet=0.01159 near_peaks=0 tmpl_wins=0
2026-08-07 18:24:27,931 INFO trial 33: n=74412 W=10000 drift_ts=0.10s mad_quiet=0.01291 near_peaks=0 tmpl_wins=0
2026-08-07 18:24:27,964 INFO trial 34: n=70122 W=10000 drift_ts=0.76s mad_quiet=0.03197 near_peaks=0 tmpl_wins=0
2026-08-07 18:24:28,024 INFO trial 35: n=119184 W=10000 drift_ts=0.23s mad_quiet=0.01577 near_peaks=0 tmpl_wins=0
2026-08-07 18:24:28,157 INFO trial 36: n=162238 W=10000 drift_ts=0.28s mad_quiet=0.003901 near_peaks=0 tmpl_wins=0
2026-08-07 18:24:28,181 INFO trial 37: n=49775 W=10000 drift_ts=2.51s mad_quiet=0.01783 near_peaks=0 tmpl_wins=0
2026-08-07 18:24:28,273 INFO trial 38: n=115707 W=10000 drift_ts=0.96s mad_quiet=0.0126 near_peaks=0 tmpl_wins=0
2026-08-07 18:24:28,330 INFO trial 39: n=120796 W=10000 drift_ts=0.14s mad_quiet=0.006417 near_peaks=0 tmpl_wins=0
2026-08-07 18:24:28,359 INFO trial 40: n=37369 W=10000 drift_ts=1.21s mad_quiet=0.004802 near_peaks=0 tmpl_wins=0
2026-08-07 18:24:28,383 INFO trial 41: n=32246 W=10000 drift_ts=0.05s mad_quiet=0.001013 near_peaks=1 tmpl_wins=1
2026-08-07 18:24:28,389 INFO trial 42: n=12089 W=10000 drift_ts=0.36s mad_quiet=0.003484 near_peaks=1 tmpl_wins=0
2026-08-07 18:24:28,398 INFO trial 43: n=14481 W=10000 drift_ts=3.30s mad_quiet=0.03257 near_peaks=0 tmpl_wins=0
2026-08-07 18:24:28,456 INFO trial 44: n=103987 W=10000 drift_ts=0.16s mad_quiet=0.012 near_peaks=0 tmpl_wins=0
2026-08-07 18:24:28,484 INFO trial 45: n=55842 W=10000 drift_ts=0.92s mad_quiet=0.008027 near_peaks=0 tmpl_wins=0
2026-08-07 18:24:28,487 INFO trial 46: n=6024 W=6024 drift_ts=0.09s mad_quiet=0.001644 near_peaks=1 tmpl_wins=0
2026-08-07 18:24:28,524 INFO trial 47: n=51070 W=10000 drift_ts=0.03s mad_quiet=0.001102 near_peaks=1 tmpl_wins=1
2026-08-07 18:24:28,644 INFO trial 48: n=250250 W=10000 drift_ts=1.70s mad_quiet=0.01554 near_peaks=0 tmpl_wins=0
2026-08-07 18:24:28,664 INFO trial 49: n=25394 W=10000 drift_ts=0.19s mad_quiet=0.005874 near_peaks=0 tmpl_wins=0
2026-08-07 18:24:28,776 INFO trial 50: n=145571 W=10000 drift_ts=0.92s mad_quiet=0.03655 near_peaks=0 tmpl_wins=0
2026-08-07 18:24:28,891 INFO trial 51: n=144239 W=10000 drift_ts=1.83s mad_quiet=0.03939 near_peaks=0 tmpl_wins=0
2026-08-07 18:24:28,992 INFO trial 52: n=128219 W=10000 drift_ts=1.66s mad_quiet=0.02205 near_peaks=0 tmpl_wins=0
2026-08-07 18:24:29,016 INFO trial 53: n=33036 W=10000 drift_ts=1.66s mad_quiet=0.002008 near_peaks=0 tmpl_wins=0
2026-08-07 18:24:29,020 INFO trial 54: n=9553 W=9553 drift_ts=0.31s mad_quiet=0.007375 near_peaks=0 tmpl_wins=0
2026-08-07 18:24:29,026 INFO trial 55: n=10330 W=10000 drift_ts=0.08s mad_quiet=0.006893 near_peaks=0 tmpl_wins=0
2026-08-07 18:24:29,067 INFO trial 56: n=56262 W=10000 drift_ts=2.15s mad_quiet=0.008302 near_peaks=0 tmpl_wins=0
2026-08-07 18:24:29,096 INFO trial 57: n=39007 W=10000 drift_ts=0.44s mad_quiet=0.0496 near_peaks=0 tmpl_wins=0
2026-08-07 18:24:29,161 INFO trial 58: n=121114 W=10000 drift_ts=0.13s mad_quiet=0.007288 near_peaks=0 tmpl_wins=0
2026-08-07 18:24:29,186 INFO trial 59: n=34011 W=10000 drift_ts=6.47s mad_quiet=0.02842 near_peaks=0 tmpl_wins=0
2026-08-07 18:24:29,192 INFO trial 60: n=13392 W=10000 drift_ts=1.45s mad_quiet=0.007112 near_peaks=0 tmpl_wins=0
2026-08-07 18:24:29,241 INFO trial 61: n=66161 W=10000 drift_ts=12.02s mad_quiet=0.02918 near_peaks=0 tmpl_wins=0
2026-08-07 18:24:29,299 INFO trial 62: n=117008 W=10000 drift_ts=1.81s mad_quiet=0.01241 near_peaks=0 tmpl_wins=0
2026-08-07 18:24:29,322 INFO trial 63: n=30279 W=10000 drift_ts=0.25s mad_quiet=0.01032 near_peaks=0 tmpl_wins=0
2026-08-07 18:24:29,340 INFO trial 64: n=37572 W=10000 drift_ts=0.13s mad_quiet=0.005385 near_peaks=0 tmpl_wins=0
2026-08-07 18:24:29,352 INFO trial 65: n=16699 W=10000 drift_ts=2.89s mad_quiet=0.03582 near_peaks=0 tmpl_wins=0
2026-08-07 18:24:29,375 INFO trial 66: n=28586 W=10000 drift_ts=0.31s mad_quiet=0.009187 near_peaks=1 tmpl_wins=0
2026-08-07 18:24:29,380 INFO trial 67: n=10919 W=10000 drift_ts=0.29s mad_quiet=0.005423 near_peaks=0 tmpl_wins=0
2026-08-07 18:24:29,411 INFO trial 68: n=65246 W=10000 drift_ts=0.20s mad_quiet=0.008591 near_peaks=0 tmpl_wins=0
2026-08-07 18:24:29,509 INFO trial 69: n=167041 W=10000 drift_ts=0.28s mad_quiet=0.01707 near_peaks=0 tmpl_wins=0
2026-08-07 18:24:29,548 INFO trial 70: n=48647 W=10000 drift_ts=1.66s mad_quiet=0.005907 near_peaks=0 tmpl_wins=0
2026-08-07 18:24:29,556 INFO trial 71: n=12890 W=10000 drift_ts=1.87s mad_quiet=0.07268 near_peaks=0 tmpl_wins=0
2026-08-07 18:24:29,634 INFO trial 72: n=144024 W=10000 drift_ts=0.33s mad_quiet=0.0139 near_peaks=0 tmpl_wins=0
2026-08-07 18:24:29,679 INFO trial 73: n=58133 W=10000 drift_ts=4.65s mad_quiet=0.04054 near_peaks=0 tmpl_wins=0
2026-08-07 18:24:29,689 INFO trial 74: n=14581 W=10000 drift_ts=0.35s mad_quiet=0.01028 near_peaks=0 tmpl_wins=0
2026-08-07 18:24:29,711 INFO trial 75: n=31474 W=10000 drift_ts=3.64s mad_quiet=0.01609 near_peaks=0 tmpl_wins=0
2026-08-07 18:24:29,731 INFO trial 76: n=27598 W=10000 drift_ts=0.64s mad_quiet=0.005205 near_peaks=0 tmpl_wins=0
2026-08-07 18:24:29,735 INFO trial 77: n=9982 W=9982 drift_ts=3.44s mad_quiet=0.04442 near_peaks=0 tmpl_wins=0
2026-08-07 18:24:29,739 INFO trial 78: n=8811 W=8811 drift_ts=0.84s mad_quiet=0.01218 near_peaks=0 tmpl_wins=0
2026-08-07 18:24:29,741 INFO trial 79: n=4299 W=4299 drift_ts=0.83s mad_quiet=0.01423 near_peaks=0 tmpl_wins=0
2026-08-07 18:24:29,748 INFO trial 80: n=10975 W=10000 drift_ts=0.95s mad_quiet=0.02167 near_peaks=1 tmpl_wins=0
2026-08-07 18:24:29,864 INFO trial 81: n=155317 W=10000 drift_ts=0.76s mad_quiet=0.0259 near_peaks=0 tmpl_wins=0
2026-08-07 18:24:29,867 INFO trial 82: n=6877 W=6877 drift_ts=0.41s mad_quiet=0.02795 near_peaks=0 tmpl_wins=0
2026-08-07 18:24:29,890 INFO trial 83: n=33422 W=10000 drift_ts=0.31s mad_quiet=0.004912 near_peaks=0 tmpl_wins=0
2026-08-07 18:24:29,896 INFO trial 84: n=10517 W=10000 drift_ts=0.99s mad_quiet=0.0253 near_peaks=0 tmpl_wins=0
2026-08-07 18:24:29,954 INFO trial 85: n=77085 W=10000 drift_ts=1.31s mad_quiet=0.02873 near_peaks=0 tmpl_wins=0
2026-08-07 18:24:29,977 INFO trial 86: n=29021 W=10000 drift_ts=1.14s mad_quiet=0.02318 near_peaks=0 tmpl_wins=0
2026-08-07 18:24:30,006 INFO trial 87: n=38731 W=10000 drift_ts=0.03s mad_quiet=0.00222 near_peaks=1 tmpl_wins=1
2026-08-07 18:24:30,030 INFO trial 88: n=32237 W=10000 drift_ts=0.32s mad_quiet=0.01117 near_peaks=0 tmpl_wins=0
2026-08-07 18:24:30,129 INFO trial 89: n=186667 W=10000 drift_ts=4.50s mad_quiet=0.00727 near_peaks=0 tmpl_wins=0
2026-08-07 18:24:30,308 INFO trial 90: n=209109 W=10000 drift_ts=0.49s mad_quiet=0.01017 near_peaks=0 tmpl_wins=0
2026-08-07 18:24:30,327 INFO trial 91: n=37407 W=10000 drift_ts=0.08s mad_quiet=0.009616 near_peaks=0 tmpl_wins=0
2026-08-07 18:24:30,337 INFO trial 92: n=14704 W=10000 drift_ts=0.27s mad_quiet=0.01533 near_peaks=0 tmpl_wins=0
2026-08-07 18:24:30,341 INFO trial 93: n=9603 W=9603 drift_ts=0.77s mad_quiet=0.01479 near_peaks=0 tmpl_wins=0
2026-08-07 18:24:30,343 INFO trial 94: n=4546 W=4546 drift_ts=0.04s mad_quiet=0.001409 near_peaks=1 tmpl_wins=0
2026-08-07 18:24:30,372 INFO trial 95: n=60635 W=10000 drift_ts=0.08s mad_quiet=0.005654 near_peaks=1 tmpl_wins=0
2026-08-07 18:24:30,411 INFO trial 96: n=52791 W=10000 drift_ts=0.06s mad_quiet=0.009369 near_peaks=0 tmpl_wins=0
2026-08-07 18:24:30,422 INFO trial 97: n=16370 W=10000 drift_ts=1.43s mad_quiet=0.01735 near_peaks=0 tmpl_wins=0
2026-08-07 18:24:30,438 INFO trial 98: n=22136 W=10000 drift_ts=2.38s mad_quiet=0.05709 near_peaks=0 tmpl_wins=0
2026-08-07 18:24:30,442 INFO trial 99: n=7846 W=7846 drift_ts=0.79s mad_quiet=0.003522 near_peaks=1 tmpl_wins=1
2026-08-07 18:24:30,447 INFO trial 100: n=10033 W=10000 drift_ts=0.28s mad_quiet=0.01166 near_peaks=0 tmpl_wins=0
2026-08-07 18:24:30,484 INFO trial 101: n=50044 W=10000 drift_ts=1.23s mad_quiet=0.03468 near_peaks=0 tmpl_wins=0
2026-08-07 18:24:30,502 INFO trial 102: n=24118 W=10000 drift_ts=0.21s mad_quiet=0.02632 near_peaks=0 tmpl_wins=0
2026-08-07 18:24:30,511 INFO trial 103: n=15102 W=10000 drift_ts=3.05s mad_quiet=0.028 near_peaks=0 tmpl_wins=0
2026-08-07 18:24:30,520 INFO trial 104: n=15411 W=10000 drift_ts=4.32s mad_quiet=0.03589 near_peaks=0 tmpl_wins=0
2026-08-07 18:24:30,524 INFO trial 105: n=7978 W=7978 drift_ts=0.82s mad_quiet=0.004786 near_peaks=0 tmpl_wins=0
2026-08-07 18:24:30,538 INFO trial 106: n=26781 W=10000 drift_ts=0.65s mad_quiet=0.01412 near_peaks=1 tmpl_wins=0
2026-08-07 18:24:30,570 INFO trial 107: n=42724 W=10000 drift_ts=0.88s mad_quiet=0.01337 near_peaks=0 tmpl_wins=0
2026-08-07 18:24:30,583 INFO trial 108: n=27051 W=10000 drift_ts=0.07s mad_quiet=0.004219 near_peaks=0 tmpl_wins=0
2026-08-07 18:24:30,585 INFO trial 109: n=5243 W=5243 drift_ts=0.44s mad_quiet=0.0003184 near_peaks=0 tmpl_wins=0
2026-08-07 18:24:30,592 INFO trial 110: n=10271 W=10000 drift_ts=0.44s mad_quiet=0.02673 near_peaks=0 tmpl_wins=0
2026-08-07 18:24:30,609 INFO trial 111: n=24114 W=10000 drift_ts=0.34s mad_quiet=0.01958 near_peaks=0 tmpl_wins=0
2026-08-07 18:24:30,631 INFO trial 112: n=30370 W=10000 drift_ts=0.12s mad_quiet=0.006527 near_peaks=0 tmpl_wins=0
2026-08-07 18:24:30,639 INFO trial 113: n=17520 W=10000 drift_ts=3.49s mad_quiet=0.06494 near_peaks=0 tmpl_wins=0
2026-08-07 18:24:30,639 INFO pooled template from 5 trial contributions; L=301 unit-energy=1.0000
2026-08-07 18:24:31,325 INFO baseline: 27710 segments, total 563.2s
2026-08-07 18:24:31,492 INFO k-scan: k=5.0 thr_before=0.0292513 quiet-FPR=0.11364/s (n=64)
2026-08-07 18:24:31,630 INFO k-scan: k=6.0 thr_before=0.0351016 quiet-FPR=0.07280/s (n=41)
2026-08-07 18:24:31,767 INFO k-scan: k=8.0 thr_before=0.0468021 quiet-FPR=0.03196/s (n=18)
2026-08-07 18:24:31,904 INFO k-scan: k=10.0 thr_before=0.0585027 quiet-FPR=0.00000/s (n=0)
2026-08-07 18:24:49,906 INFO calibration: k=8.0 baseline_MAD=0.00585027 thr_before=0.0468021 fpr_before=0.03196/s | thr_after=0.323308 fpr_after=0.02841/s
2026-08-07 18:24:50,359 INFO trial 0 final: n_before=1753 n_after=749 distal(b/a)=833/367 prox(b/a)=865/358 snr_gain=-1.206
2026-08-07 18:24:50,550 INFO trial 1 final: n_before=1160 n_after=649 distal(b/a)=586/329 prox(b/a)=568/316 snr_gain=-1.497
2026-08-07 18:24:50,564 INFO trial 2 final: n_before=154 n_after=72 distal(b/a)=78/40 prox(b/a)=76/32 snr_gain=-0.531
2026-08-07 18:24:50,681 INFO trial 3 final: n_before=6 n_after=1069 distal(b/a)=0/528 prox(b/a)=6/531 snr_gain=2.307
2026-08-07 18:24:50,823 INFO trial 4 final: n_before=846 n_after=424 distal(b/a)=413/214 prox(b/a)=425/206 snr_gain=-1.618
2026-08-07 18:24:50,924 INFO trial 5 final: n_before=675 n_after=290 distal(b/a)=335/154 prox(b/a)=340/136 snr_gain=-1.417
2026-08-07 18:24:50,960 INFO trial 6 final: n_before=4 n_after=441 distal(b/a)=0/211 prox(b/a)=4/225 snr_gain=2.038
2026-08-07 18:24:51,222 INFO trial 7 final: n_before=1118 n_after=494 distal(b/a)=559/242 prox(b/a)=559/252 snr_gain=-1.883
2026-08-07 18:24:51,297 INFO trial 8 final: n_before=543 n_after=276 distal(b/a)=271/138 prox(b/a)=272/138 snr_gain=-1.714
2026-08-07 18:24:51,987 INFO trial 9 final: n_before=1954 n_after=749 distal(b/a)=974/374 prox(b/a)=979/375 snr_gain=-1.111
2026-08-07 18:24:51,995 INFO trial 10 final: n_before=111 n_after=58 distal(b/a)=60/31 prox(b/a)=51/27 snr_gain=-2.470
2026-08-07 18:24:52,069 INFO trial 11 final: n_before=222 n_after=685 distal(b/a)=106/334 prox(b/a)=115/317 snr_gain=-2.878
2026-08-07 18:24:52,298 INFO trial 12 final: n_before=1124 n_after=480 distal(b/a)=565/238 prox(b/a)=559/242 snr_gain=-1.309
2026-08-07 18:24:52,322 INFO trial 13 final: n_before=86 n_after=308 distal(b/a)=39/159 prox(b/a)=47/149 snr_gain=-3.567
2026-08-07 18:24:52,328 INFO trial 14 final: n_before=63 n_after=68 distal(b/a)=15/29 prox(b/a)=48/39 snr_gain=-2.490
2026-08-07 18:24:52,342 INFO trial 15 final: n_before=169 n_after=86 distal(b/a)=84/41 prox(b/a)=85/45 snr_gain=-2.145
2026-08-07 18:24:52,369 INFO trial 16 final: n_before=271 n_after=134 distal(b/a)=133/68 prox(b/a)=138/66 snr_gain=-1.367
2026-08-07 18:24:52,445 INFO trial 17 final: n_before=565 n_after=280 distal(b/a)=279/148 prox(b/a)=286/132 snr_gain=-1.686
2026-08-07 18:24:52,454 INFO trial 18 final: n_before=33 n_after=154 distal(b/a)=7/75 prox(b/a)=26/79 snr_gain=-2.374
2026-08-07 18:24:52,484 INFO trial 19 final: n_before=271 n_after=207 distal(b/a)=145/102 prox(b/a)=126/105 snr_gain=-2.567
2026-08-07 18:24:52,556 INFO trial 20 final: n_before=443 n_after=493 distal(b/a)=160/265 prox(b/a)=283/228 snr_gain=-2.261
2026-08-07 18:24:52,564 INFO trial 21 final: n_before=99 n_after=69 distal(b/a)=45/36 prox(b/a)=54/33 snr_gain=-2.266
2026-08-07 18:24:52,610 INFO trial 22 final: n_before=384 n_after=226 distal(b/a)=214/124 prox(b/a)=170/102 snr_gain=-2.043
2026-08-07 18:24:52,645 INFO trial 23 final: n_before=5 n_after=439 distal(b/a)=0/227 prox(b/a)=5/212 snr_gain=2.065
2026-08-07 18:24:52,650 INFO trial 24 final: n_before=72 n_after=33 distal(b/a)=31/16 prox(b/a)=41/17 snr_gain=-1.653
2026-08-07 18:24:52,652 INFO trial 25 final: n_before=25 n_after=30 distal(b/a)=2/16 prox(b/a)=23/14 snr_gain=-2.957
2026-08-07 18:24:52,656 INFO trial 26 final: n_before=45 n_after=41 distal(b/a)=22/23 prox(b/a)=23/18 snr_gain=-2.467
2026-08-07 18:24:52,801 INFO trial 27 final: n_before=846 n_after=493 distal(b/a)=447/249 prox(b/a)=399/244 snr_gain=-2.448
2026-08-07 18:24:52,806 INFO trial 28 final: n_before=46 n_after=74 distal(b/a)=14/34 prox(b/a)=32/40 snr_gain=-3.120
2026-08-07 18:24:52,820 INFO trial 29 final: n_before=117 n_after=170 distal(b/a)=42/89 prox(b/a)=75/81 snr_gain=-2.923
2026-08-07 18:24:52,941 INFO trial 30 final: n_before=685 n_after=670 distal(b/a)=366/318 prox(b/a)=319/352 snr_gain=-2.238
2026-08-07 18:24:52,953 INFO trial 31 final: n_before=3 n_after=201 distal(b/a)=0/104 prox(b/a)=3/97 snr_gain=2.047
2026-08-07 18:24:53,006 INFO trial 32 final: n_before=309 n_after=430 distal(b/a)=186/215 prox(b/a)=123/215 snr_gain=-3.198
2026-08-07 18:24:53,027 INFO trial 33 final: n_before=150 n_after=219 distal(b/a)=66/106 prox(b/a)=84/113 snr_gain=-3.791
2026-08-07 18:24:53,076 INFO trial 34 final: n_before=402 n_after=212 distal(b/a)=198/104 prox(b/a)=204/108 snr_gain=-1.924
2026-08-07 18:24:53,113 INFO trial 35 final: n_before=279 n_after=326 distal(b/a)=127/160 prox(b/a)=152/166 snr_gain=-2.336
2026-08-07 18:24:53,153 INFO trial 36 final: n_before=47 n_after=460 distal(b/a)=5/221 prox(b/a)=42/239 snr_gain=-6.655
2026-08-07 18:24:53,171 INFO trial 37 final: n_before=192 n_after=148 distal(b/a)=91/75 prox(b/a)=101/73 snr_gain=-2.880
2026-08-07 18:24:53,208 INFO trial 38 final: n_before=204 n_after=359 distal(b/a)=93/183 prox(b/a)=111/176 snr_gain=-3.402
2026-08-07 18:24:53,232 INFO trial 39 final: n_before=12 n_after=353 distal(b/a)=0/170 prox(b/a)=12/183 snr_gain=2.085
2026-08-07 18:24:53,239 INFO trial 40 final: n_before=26 n_after=114 distal(b/a)=0/55 prox(b/a)=26/59 snr_gain=2.249
2026-08-07 18:24:53,244 INFO trial 41 final: n_before=7 n_after=96 distal(b/a)=0/49 prox(b/a)=7/47 snr_gain=2.209
2026-08-07 18:24:53,246 INFO trial 42 final: n_before=11 n_after=34 distal(b/a)=0/19 prox(b/a)=11/15 snr_gain=2.187
2026-08-07 18:24:53,253 INFO trial 43 final: n_before=97 n_after=35 distal(b/a)=48/18 prox(b/a)=49/17 snr_gain=-1.445
2026-08-07 18:24:53,275 INFO trial 44 final: n_before=69 n_after=296 distal(b/a)=29/156 prox(b/a)=40/140 snr_gain=-3.225
2026-08-07 18:24:53,285 INFO trial 45 final: n_before=53 n_after=154 distal(b/a)=0/78 prox(b/a)=53/76 snr_gain=2.105
2026-08-07 18:24:53,287 INFO trial 46 final: n_before=3 n_after=19 distal(b/a)=0/10 prox(b/a)=3/9 snr_gain=2.279
2026-08-07 18:24:53,295 INFO trial 47 final: n_before=2 n_after=176 distal(b/a)=0/83 prox(b/a)=2/86 snr_gain=2.709
2026-08-07 18:24:53,414 INFO trial 48 final: n_before=614 n_after=700 distal(b/a)=313/353 prox(b/a)=301/347 snr_gain=-2.898
2026-08-07 18:24:53,421 INFO trial 49 final: n_before=44 n_after=86 distal(b/a)=1/43 prox(b/a)=43/43 snr_gain=-0.729
2026-08-07 18:24:53,616 INFO trial 50 final: n_before=955 n_after=411 distal(b/a)=483/213 prox(b/a)=472/198 snr_gain=-1.416
2026-08-07 18:24:53,804 INFO trial 51 final: n_before=931 n_after=392 distal(b/a)=467/197 prox(b/a)=464/195 snr_gain=-1.491
2026-08-07 18:24:53,911 INFO trial 52 final: n_before=715 n_after=342 distal(b/a)=362/181 prox(b/a)=353/161 snr_gain=-1.732
2026-08-07 18:24:53,916 INFO trial 53 final: n_before=13 n_after=78 distal(b/a)=0/36 prox(b/a)=13/42 snr_gain=2.335
2026-08-07 18:24:53,919 INFO trial 54 final: n_before=19 n_after=29 distal(b/a)=0/12 prox(b/a)=19/17 snr_gain=2.620
2026-08-07 18:24:53,921 INFO trial 55 final: n_before=11 n_after=28 distal(b/a)=0/12 prox(b/a)=11/16 snr_gain=2.536
2026-08-07 18:24:53,930 INFO trial 56 final: n_before=43 n_after=148 distal(b/a)=8/68 prox(b/a)=35/80 snr_gain=-1.848
2026-08-07 18:24:53,956 INFO trial 57 final: n_before=257 n_after=97 distal(b/a)=129/46 prox(b/a)=128/51 snr_gain=-1.068
2026-08-07 18:24:53,977 INFO trial 58 final: n_before=26 n_after=297 distal(b/a)=4/144 prox(b/a)=22/153 snr_gain=-3.328
2026-08-07 18:24:53,996 INFO trial 59 final: n_before=206 n_after=91 distal(b/a)=103/49 prox(b/a)=103/42 snr_gain=-0.988
2026-08-07 18:24:53,999 INFO trial 60 final: n_before=31 n_after=33 distal(b/a)=0/21 prox(b/a)=31/12 snr_gain=2.334
2026-08-07 18:24:54,045 INFO trial 61 final: n_before=397 n_after=184 distal(b/a)=193/83 prox(b/a)=204/101 snr_gain=-1.357
2026-08-07 18:24:54,078 INFO trial 62 final: n_before=247 n_after=307 distal(b/a)=113/151 prox(b/a)=134/156 snr_gain=-2.430
2026-08-07 18:24:54,085 INFO trial 63 final: n_before=50 n_after=92 distal(b/a)=13/44 prox(b/a)=37/48 snr_gain=-3.586
2026-08-07 18:24:54,090 INFO trial 64 final: n_before=8 n_after=99 distal(b/a)=0/46 prox(b/a)=8/53 snr_gain=2.322
2026-08-07 18:24:54,099 INFO trial 65 final: n_before=111 n_after=44 distal(b/a)=54/23 prox(b/a)=57/21 snr_gain=-0.986
2026-08-07 18:24:54,104 INFO trial 66 final: n_before=15 n_after=85 distal(b/a)=6/40 prox(b/a)=9/45 snr_gain=-4.016
2026-08-07 18:24:54,107 INFO trial 67 final: n_before=25 n_after=34 distal(b/a)=1/15 prox(b/a)=24/19 snr_gain=0.415
2026-08-07 18:24:54,121 INFO trial 68 final: n_before=67 n_after=173 distal(b/a)=39/86 prox(b/a)=28/87 snr_gain=-2.801
2026-08-07 18:24:54,227 INFO trial 69 final: n_before=742 n_after=451 distal(b/a)=349/224 prox(b/a)=393/227 snr_gain=-1.397
2026-08-07 18:24:54,234 INFO trial 70 final: n_before=29 n_after=114 distal(b/a)=0/56 prox(b/a)=29/58 snr_gain=2.331
2026-08-07 18:24:54,241 INFO trial 71 final: n_before=88 n_after=28 distal(b/a)=38/11 prox(b/a)=44/16 snr_gain=-1.062
2026-08-07 18:24:54,280 INFO trial 72 final: n_before=140 n_after=417 distal(b/a)=84/215 prox(b/a)=56/202 snr_gain=-3.744
2026-08-07 18:24:54,325 INFO trial 73 final: n_before=389 n_after=170 distal(b/a)=192/90 prox(b/a)=197/80 snr_gain=-0.660
2026-08-07 18:24:54,330 INFO trial 74 final: n_before=48 n_after=42 distal(b/a)=7/22 prox(b/a)=41/20 snr_gain=-1.589
2026-08-07 18:24:54,342 INFO trial 75 final: n_before=141 n_after=102 distal(b/a)=60/57 prox(b/a)=81/45 snr_gain=-1.837
2026-08-07 18:24:54,347 INFO trial 76 final: n_before=12 n_after=92 distal(b/a)=2/41 prox(b/a)=10/51 snr_gain=-0.399
2026-08-07 18:24:54,352 INFO trial 77 final: n_before=68 n_after=32 distal(b/a)=36/19 prox(b/a)=32/13 snr_gain=-1.266
2026-08-07 18:24:54,355 INFO trial 78 final: n_before=35 n_after=29 distal(b/a)=9/12 prox(b/a)=26/17 snr_gain=-1.263
2026-08-07 18:24:54,357 INFO trial 79 final: n_before=22 n_after=12 distal(b/a)=5/3 prox(b/a)=4/3 snr_gain=-0.826
2026-08-07 18:24:54,362 INFO trial 80 final: n_before=66 n_after=28 distal(b/a)=29/15 prox(b/a)=37/13 snr_gain=-1.298
2026-08-07 18:24:54,447 INFO trial 81 final: n_before=549 n_after=437 distal(b/a)=275/230 prox(b/a)=274/207 snr_gain=-2.818
2026-08-07 18:24:54,451 INFO trial 82 final: n_before=45 n_after=22 distal(b/a)=21/9 prox(b/a)=23/13 snr_gain=-0.557
2026-08-07 18:24:54,456 INFO trial 83 final: n_before=12 n_after=93 distal(b/a)=0/39 prox(b/a)=11/39 snr_gain=2.226
2026-08-07 18:24:54,461 INFO trial 84 final: n_before=60 n_after=39 distal(b/a)=17/12 prox(b/a)=21/15 snr_gain=-1.930
2026-08-07 18:24:54,527 INFO trial 85 final: n_before=493 n_after=225 distal(b/a)=249/111 prox(b/a)=244/114 snr_gain=-1.168
2026-08-07 18:24:54,541 INFO trial 86 final: n_before=174 n_after=88 distal(b/a)=85/42 prox(b/a)=89/46 snr_gain=-1.299
2026-08-07 18:24:54,548 INFO trial 87 final: n_before=5 n_after=124 distal(b/a)=0/64 prox(b/a)=5/60 snr_gain=2.102
2026-08-07 18:24:54,558 INFO trial 88 final: n_before=59 n_after=101 distal(b/a)=13/50 prox(b/a)=46/51 snr_gain=-2.164
2026-08-07 18:24:54,610 INFO trial 89 final: n_before=136 n_after=535 distal(b/a)=48/257 prox(b/a)=88/278 snr_gain=-4.734
2026-08-07 18:24:54,675 INFO trial 90 final: n_before=270 n_after=604 distal(b/a)=127/302 prox(b/a)=143/302 snr_gain=-2.718
2026-08-07 18:24:54,681 INFO trial 91 final: n_before=11 n_after=104 distal(b/a)=2/51 prox(b/a)=9/53 snr_gain=-5.107
2026-08-07 18:24:54,686 INFO trial 92 final: n_before=69 n_after=41 distal(b/a)=26/21 prox(b/a)=43/20 snr_gain=-1.527
2026-08-07 18:24:54,689 INFO trial 93 final: n_before=45 n_after=22 distal(b/a)=9/6 prox(b/a)=28/14 snr_gain=-0.708
2026-08-07 18:24:54,690 INFO trial 94 final: n_before=2 n_after=15 distal(b/a)=0/6 prox(b/a)=2/9 snr_gain=3.013
2026-08-07 18:24:54,701 INFO trial 95 final: n_before=9 n_after=184 distal(b/a)=0/90 prox(b/a)=9/94 snr_gain=2.033
2026-08-07 18:24:54,709 INFO trial 96 final: n_before=14 n_after=160 distal(b/a)=1/79 prox(b/a)=13/81 snr_gain=-2.517
2026-08-07 18:24:54,715 INFO trial 97 final: n_before=77 n_after=48 distal(b/a)=30/26 prox(b/a)=47/22 snr_gain=-2.582
2026-08-07 18:24:54,728 INFO trial 98 final: n_before=147 n_after=58 distal(b/a)=74/30 prox(b/a)=73/28 snr_gain=-1.150
2026-08-07 18:24:54,730 INFO trial 99 final: n_before=11 n_after=25 distal(b/a)=0/13 prox(b/a)=11/12 snr_gain=2.163
2026-08-07 18:24:54,733 INFO trial 100 final: n_before=38 n_after=32 distal(b/a)=10/18 prox(b/a)=28/14 snr_gain=-1.448
2026-08-07 18:24:54,761 INFO trial 101 final: n_before=290 n_after=149 distal(b/a)=143/77 prox(b/a)=147/72 snr_gain=-2.215
2026-08-07 18:24:54,773 INFO trial 102 final: n_before=152 n_after=65 distal(b/a)=74/29 prox(b/a)=78/36 snr_gain=-1.599
2026-08-07 18:24:54,779 INFO trial 103 final: n_before=95 n_after=39 distal(b/a)=45/26 prox(b/a)=50/13 snr_gain=-1.047
2026-08-07 18:24:54,787 INFO trial 104 final: n_before=100 n_after=42 distal(b/a)=50/24 prox(b/a)=50/18 snr_gain=-0.661
2026-08-07 18:24:54,789 INFO trial 105 final: n_before=20 n_after=20 distal(b/a)=0/12 prox(b/a)=20/8 snr_gain=2.193
2026-08-07 18:24:54,795 INFO trial 106 final: n_before=60 n_after=72 distal(b/a)=33/35 prox(b/a)=27/37 snr_gain=-2.039
2026-08-07 18:24:54,804 INFO trial 107 final: n_before=88 n_after=114 distal(b/a)=44/58 prox(b/a)=44/56 snr_gain=-2.228
2026-08-07 18:24:54,808 INFO trial 108 final: n_before=6 n_after=79 distal(b/a)=0/39 prox(b/a)=6/40 snr_gain=2.103
2026-08-07 18:24:54,809 INFO trial 109 final: n_before=0 n_after=13 distal(b/a)=0/7 prox(b/a)=0/6 snr_gain=1.831
2026-08-07 18:24:54,814 INFO trial 110 final: n_before=63 n_after=31 distal(b/a)=31/16 prox(b/a)=32/15 snr_gain=-1.268
2026-08-07 18:24:54,822 INFO trial 111 final: n_before=103 n_after=64 distal(b/a)=36/38 prox(b/a)=67/25 snr_gain=-1.523
2026-08-07 18:24:54,826 INFO trial 112 final: n_before=6 n_after=75 distal(b/a)=0/36 prox(b/a)=5/38 snr_gain=2.003
2026-08-07 18:24:54,835 INFO trial 113 final: n_before=116 n_after=54 distal(b/a)=58/30 prox(b/a)=57/24 snr_gain=-1.389
2026-08-07 18:24:54,836 INFO distal SNR gain: pos=27 neg=87 zero=0  min=-6.6551044853989385 median=-1.4465242195025523 max=3.0132989911027757
2026-08-07 18:24:54,858 INFO drift-val trial 0: slow-slope raw=8.687e-05 -> dc=2.475e-05 (|reduce|); fast-band var raw=0.0006565 dc=0.0006565 (retained=1.000)
2026-08-07 18:24:54,877 INFO drift-val trial 1: slow-slope raw=6.909e-05 -> dc=1.344e-05 (|reduce|); fast-band var raw=0.000468 dc=0.000468 (retained=1.000)
2026-08-07 18:24:54,879 INFO drift-val trial 2: slow-slope raw=0.001288 -> dc=0.0007675 (|reduce|); fast-band var raw=0.005958 dc=0.005964 (retained=1.001)
2026-08-07 18:24:54,880 INFO wrote C:\Projects\Repos\Mouse Arena\Analysis\Plume locations\data\drift_validation.json (3 example trials)
2026-08-07 18:24:56,339 INFO wrote C:\Projects\Repos\Mouse Arena\Analysis\Plume locations\data\enhanced_ethanol.h5 (114 trial groups)
2026-08-07 18:24:56,342 INFO wrote C:\Projects\Repos\Mouse Arena\Analysis\Plume locations\data\enhancement_stats.json
2026-08-07 18:24:56,343 INFO done
