2026-08-07 18:22:52,892 INFO === build_odor_fields start (seed=1234, slice=False) ===
2026-08-07 18:22:52,893 INFO self_check: PASS
2026-08-07 18:22:53,348 INFO Loaded 114 trials from C:\Projects\Repos\Mouse Arena\DATA\Mouse Arena Aggregate Data.h5
2026-08-07 18:22:53,349 INFO Groups: {'Loc1': 20, 'Loc2': 18, 'Loc3': 17, 'Loc4': 14, 'Loc5': 17, 'Loc6': 19, 'anotherLoc': 9}
2026-08-07 18:22:53,420 INFO Global dejump Q head=2.8633 body=2.2985
2026-08-07 18:22:53,570 INFO Global MAD=0.00020146  cutoff(=max(3MAD,0.001))=0.001
2026-08-07 18:22:53,570 INFO --- processing Loc1 (n=20) ---
2026-08-07 18:22:53,700 INFO Loc1: L=15 cov=0.719 n=20 samples=245500 visited=627
2026-08-07 18:22:53,701 INFO --- processing Loc2 (n=18) ---
2026-08-07 18:22:53,801 INFO Loc2: L=15 cov=0.604 n=18 samples=165142 visited=603
2026-08-07 18:22:53,801 INFO --- processing Loc3 (n=17) ---
2026-08-07 18:22:53,914 INFO Loc3: L=15 cov=0.729 n=17 samples=175113 visited=619
2026-08-07 18:22:53,914 INFO --- processing Loc4 (n=14) ---
2026-08-07 18:22:54,010 INFO Loc4: L=15 cov=0.629 n=14 samples=148399 visited=579
2026-08-07 18:22:54,010 INFO --- processing Loc5 (n=17) ---
2026-08-07 18:22:54,121 INFO Loc5: L=15 cov=0.651 n=17 samples=200843 visited=619
2026-08-07 18:22:54,121 INFO --- processing Loc6 (n=19) ---
2026-08-07 18:22:54,307 INFO Loc6: L=10 cov=0.679 n=19 samples=241701 visited=1369
2026-08-07 18:22:54,307 INFO --- processing anotherLoc (n=9) ---
2026-08-07 18:22:54,432 INFO anotherLoc: L=15 cov=0.679 n=9 samples=283153 visited=639
2026-08-07 18:22:54,432 INFO --- processing POOLED (Loc1-6) ---
2026-08-07 18:22:54,751 INFO POOLED: L=10 cov=0.942 n=105 samples=1176698
2026-08-07 18:22:54,845 INFO robustness head-vs-body Pearson r=0.5999596547681495 (n=1310 bins)
2026-08-07 18:22:54,859 INFO Wrote HDF5 -> C:\Projects\Repos\Mouse Arena\Analysis\Plume locations\data\odor_fields.h5
2026-08-07 18:22:54,867 INFO Wrote stats -> C:\Projects\Repos\Mouse Arena\Analysis\Plume locations\data\odor_field_stats.json
2026-08-07 18:22:54,867 INFO === build_odor_fields done ===
